  ┌─ 1 Explore ──────────────────────────────── 10:31 · 5s ┐
  │ read ×1 · searched ×1                                  │
  └────────────────────────────┬───────────────────────────┘
                               ▼
▶ ╔═ 2 Implement ══════════════════════════════ 10:34 · 1m ╗
  ║ ~ internal/auth/resource.go ×2                         ║
  ║ + internal/auth/resource_test.go                       ║
  ╚════════════════════════════╩═══════════════════════════╝
                               ▼
  ┌─ 3 Verify ✕ ─────────────────────────────── 10:42 · 0s ┐ ◄──┐
  │ go test ✕                                              │    │
  └────────────────────────────┬───────────────────────────┘    │
                               ▼                                │
  ┌─ 4 Fix ──────────────────────────────────── 10:43 · 0s ┐    │
  │ ~ internal/auth/resource.go                            │    │
  └────────────────────────────┬───────────────────────────┘    │
                               ▼                                │
  ┌─ 5 Verify ✕ ─────────────────────────────── 10:44 · 0s ┐ ───┤ ↺ retry 1x
  │ go test ✕                                              │    │
  └────────────────────────────┬───────────────────────────┘    │
                               ▼                                │
  ┌─ 6 Fix ──────────────────────────────────── 10:45 · 0s ┐    │
  │ ~ internal/auth/resource.go                            │    │
  └────────────────────────────┬───────────────────────────┘    │
                               ▼                                │
  ┌─ 7 Verify ✕ ⚠ ───────────────────────────── 10:46 · 0s ┐ ───┤ ↺ retry 2x
  │ go test ✕   ⚠ loop                                     │    │
  └────────────────────────────┬───────────────────────────┘    │
                               ▼                                │
  ┌─ 8 Fix ──────────────────────────────────── 10:47 · 0s ┐    │
  │ − old/helper.go                                        │    │
  └────────────────────────────┬───────────────────────────┘    │
                               ▼                                │
  ┌─ 9 Verify ✓ ─────────────────────────────── 10:48 · 0s ┐ ───┘ ↺ retry 3x
  │ go test ✓                                              │
  └────────────────────────────┬───────────────────────────┘
                               ▼
  ┌─ 10 Remember ────────────────────────────── 10:49 · 0s ┐
  │ memory calls ×1                                        │
  └────────────────────────────┬───────────────────────────┘
                               ▼
  ╭─ Summary ───────────────────────────────────────── 19m ╮
  │ Files: 1 created · 1 edited · 1 deleted                │
  │ Checks: 1 passed / 3 failed · Loops: 1                 │
  ╰────────────────────────────────────────────────────────╯
