  ┌─ 1 Explore ────────────────────────────────────────────────── 10:31 · 5s ┐
  │ 10:31 → 10:31 · 5s                                                       │
  │ read ×1 · searched ×1                                                    │
  │ · internal/auth/resource.go                                              │
  └─────────────────────────────────────┬────────────────────────────────────┘
                                        ▼
  ┌─ 2 Implement ──────────────────────────────────────────────── 10:34 · 1m ┐
  │ 10:34 → 10:35 · 1m                                                       │
  │ tool calls ×3                                                            │
  │ ~ internal/auth/resource.go ×2                                           │
  │ + internal/auth/resource_test.go                                         │
  └─────────────────────────────────────┬────────────────────────────────────┘
                                        ▼
  ┌─ 3 Verify ✕ ───────────────────────────────────────────────── 10:42 · 0s ┐ ◄──┐
  │ 10:42 → 10:42 · 0s                                                       │    │
  │ checks ×1                                                                │    │
  │ ran go test ✕                                                            │    │
  └─────────────────────────────────────┬────────────────────────────────────┘    │
                                        ▼                                         │
  ┌─ 4 Fix ────────────────────────────────────────────────────── 10:43 · 0s ┐    │
  │ 10:43 → 10:43 · 0s                                                       │    │
  │ tool calls ×1                                                            │    │
  │ ~ internal/auth/resource.go                                              │    │
  └─────────────────────────────────────┬────────────────────────────────────┘    │
                                        ▼                                         │
  ┌─ 5 Verify ✕ ───────────────────────────────────────────────── 10:44 · 0s ┐ ───┤ ↺ retry 1x
  │ 10:44 → 10:44 · 0s                                                       │    │
  │ checks ×1                                                                │    │
  │ ran go test ✕                                                            │    │
  │ ↺ retry 1x of stage 3                                                    │    │
  └─────────────────────────────────────┬────────────────────────────────────┘    │
                                        ▼                                         │
  ┌─ 6 Fix ────────────────────────────────────────────────────── 10:45 · 0s ┐    │
  │ 10:45 → 10:45 · 0s                                                       │    │
  │ tool calls ×1                                                            │    │
  │ ~ internal/auth/resource.go                                              │    │
  └─────────────────────────────────────┬────────────────────────────────────┘    │
                                        ▼                                         │
  ┌─ 7 Verify ✕ ⚠ ─────────────────────────────────────────────── 10:46 · 0s ┐ ───┤ ↺ retry 2x
  │ 10:46 → 10:46 · 0s                                                       │    │
  │ checks ×1                                                                │    │
  │ ran go test ✕                                                            │    │
  │ ⚠ loop span: the same thing failed repeatedly                            │    │
  │ ↺ retry 2x of stage 3                                                    │    │
  └─────────────────────────────────────┬────────────────────────────────────┘    │
                                        ▼                                         │
  ┌─ 8 Fix ────────────────────────────────────────────────────── 10:47 · 0s ┐    │
  │ 10:47 → 10:47 · 0s                                                       │    │
  │ tool calls ×1                                                            │    │
  │ − old/helper.go                                                          │    │
  └─────────────────────────────────────┬────────────────────────────────────┘    │
                                        ▼                                         │
  ┌─ 9 Verify ✓ ───────────────────────────────────────────────── 10:48 · 0s ┐ ───┘ ↺ retry 3x
  │ 10:48 → 10:48 · 0s                                                       │
  │ checks ×1                                                                │
  │ ran go test ✓                                                            │
  │ ↺ retry 3x of stage 3                                                    │
  └─────────────────────────────────────┬────────────────────────────────────┘
                                        ▼
  ┌─ 10 Remember ──────────────────────────────────────────────── 10:49 · 0s ┐
  │ 10:49 → 10:49 · 0s                                                       │
  │ memory calls ×1                                                          │
  └─────────────────────────────────────┬────────────────────────────────────┘
                                        ▼
  ╭─ Summary ─────────────────────────────────────────────────────────── 19m ╮
  │ Files: 1 created · 1 edited · 1 deleted                                  │
  │ Checks: 1 passed / 3 failed · Loops: 1                                   │
  ╰──────────────────────────────────────────────────────────────────────────╯
